Archive member included because of file (symbol)

/Users/jakubkopec/Dropbox/TGM/5BHIT/SYT/Labor/Weiser/workspace/stm32f3discovery_hal_lib/Debug/libstm32f3discovery_hal_lib.a(stm32f3xx_hal.o)
                              src/stm32f3xx_it.o (HAL_IncTick)
/Users/jakubkopec/Dropbox/TGM/5BHIT/SYT/Labor/Weiser/workspace/stm32f3discovery_hal_lib/Debug/libstm32f3discovery_hal_lib.a(stm32f3xx_hal_cortex.o)
                              /Users/jakubkopec/Dropbox/TGM/5BHIT/SYT/Labor/Weiser/workspace/stm32f3discovery_hal_lib/Debug/libstm32f3discovery_hal_lib.a(stm32f3xx_hal.o) (HAL_NVIC_SetPriorityGrouping)
/Users/jakubkopec/Dropbox/TGM/5BHIT/SYT/Labor/Weiser/workspace/stm32f3discovery_hal_lib/Debug/libstm32f3discovery_hal_lib.a(stm32f3xx_hal_gpio.o)
                              src/main.o (HAL_GPIO_Init)
/Users/jakubkopec/Dropbox/TGM/5BHIT/SYT/Labor/Weiser/workspace/stm32f3discovery_hal_lib/Debug/libstm32f3discovery_hal_lib.a(stm32f3xx_hal_rcc.o)
                              /Users/jakubkopec/Dropbox/TGM/5BHIT/SYT/Labor/Weiser/workspace/stm32f3discovery_hal_lib/Debug/libstm32f3discovery_hal_lib.a(stm32f3xx_hal.o) (HAL_RCC_GetHCLKFreq)
/Users/jakubkopec/Dropbox/TGM/5BHIT/SYT/Labor/Weiser/workspace/stm32f3discovery_hal_lib/Debug/libstm32f3discovery_hal_lib.a(stm32f3_discovery.o)
                              src/main.o (BSP_LED_Init)
/Users/jakubkopec/Dropbox/TGM/5BHIT/SYT/Labor/Weiser/workspace/stm32f3discovery_hal_lib/Debug/libstm32f3discovery_hal_lib.a(stm32f3xx_hal_i2c.o)
                              /Users/jakubkopec/Dropbox/TGM/5BHIT/SYT/Labor/Weiser/workspace/stm32f3discovery_hal_lib/Debug/libstm32f3discovery_hal_lib.a(stm32f3_discovery.o) (HAL_I2C_Init)
/Users/jakubkopec/Dropbox/TGM/5BHIT/SYT/Labor/Weiser/workspace/stm32f3discovery_hal_lib/Debug/libstm32f3discovery_hal_lib.a(stm32f3xx_hal_spi.o)
                              /Users/jakubkopec/Dropbox/TGM/5BHIT/SYT/Labor/Weiser/workspace/stm32f3discovery_hal_lib/Debug/libstm32f3discovery_hal_lib.a(stm32f3_discovery.o) (HAL_SPI_Init)
/Users/jakubkopec/Dropbox/TGM/5BHIT/SYT/Labor/Weiser/workspace/stm32f3discovery_hal_lib/Debug/libstm32f3discovery_hal_lib.a(stm32f3xx_hal_dma.o)
                              /Users/jakubkopec/Dropbox/TGM/5BHIT/SYT/Labor/Weiser/workspace/stm32f3discovery_hal_lib/Debug/libstm32f3discovery_hal_lib.a(stm32f3xx_hal_i2c.o) (HAL_DMA_Start_IT)
/Applications/Eclipse.app/Contents/Eclipse/plugins/fr.ac6.mcu.externaltools.arm-none.linux64_1.3.0.201507241112/tools/compiler/bin/../lib/gcc/arm-none-eabi/4.9.3/../../../../arm-none-eabi/lib/armv7e-m/libc.a(lib_a-errno.o)
                              src/syscalls.o (__errno)
/Applications/Eclipse.app/Contents/Eclipse/plugins/fr.ac6.mcu.externaltools.arm-none.linux64_1.3.0.201507241112/tools/compiler/bin/../lib/gcc/arm-none-eabi/4.9.3/../../../../arm-none-eabi/lib/armv7e-m/libc.a(lib_a-exit.o)
                              /Applications/Eclipse.app/Contents/Eclipse/plugins/fr.ac6.mcu.externaltools.arm-none.linux64_1.3.0.201507241112/tools/compiler/bin/../lib/gcc/arm-none-eabi/4.9.3/../../../../arm-none-eabi/lib/armv7e-m/crt0.o (exit)
/Applications/Eclipse.app/Contents/Eclipse/plugins/fr.ac6.mcu.externaltools.arm-none.linux64_1.3.0.201507241112/tools/compiler/bin/../lib/gcc/arm-none-eabi/4.9.3/../../../../arm-none-eabi/lib/armv7e-m/libc.a(lib_a-impure.o)
                              /Applications/Eclipse.app/Contents/Eclipse/plugins/fr.ac6.mcu.externaltools.arm-none.linux64_1.3.0.201507241112/tools/compiler/bin/../lib/gcc/arm-none-eabi/4.9.3/../../../../arm-none-eabi/lib/armv7e-m/libc.a(lib_a-exit.o) (_global_impure_ptr)
/Applications/Eclipse.app/Contents/Eclipse/plugins/fr.ac6.mcu.externaltools.arm-none.linux64_1.3.0.201507241112/tools/compiler/bin/../lib/gcc/arm-none-eabi/4.9.3/../../../../arm-none-eabi/lib/armv7e-m/libc.a(lib_a-init.o)
                              /Applications/Eclipse.app/Contents/Eclipse/plugins/fr.ac6.mcu.externaltools.arm-none.linux64_1.3.0.201507241112/tools/compiler/bin/../lib/gcc/arm-none-eabi/4.9.3/../../../../arm-none-eabi/lib/armv7e-m/crt0.o (__libc_init_array)
/Applications/Eclipse.app/Contents/Eclipse/plugins/fr.ac6.mcu.externaltools.arm-none.linux64_1.3.0.201507241112/tools/compiler/bin/../lib/gcc/arm-none-eabi/4.9.3/../../../../arm-none-eabi/lib/armv7e-m/libc.a(lib_a-memset.o)
                              /Applications/Eclipse.app/Contents/Eclipse/plugins/fr.ac6.mcu.externaltools.arm-none.linux64_1.3.0.201507241112/tools/compiler/bin/../lib/gcc/arm-none-eabi/4.9.3/../../../../arm-none-eabi/lib/armv7e-m/crt0.o (memset)
/Applications/Eclipse.app/Contents/Eclipse/plugins/fr.ac6.mcu.externaltools.arm-none.linux64_1.3.0.201507241112/tools/compiler/bin/../lib/gcc/arm-none-eabi/4.9.3/../../../../arm-none-eabi/lib/armv7e-m/libc.a(lib_a-__call_atexit.o)
[...]
Memory Configuration

Name             Origin             Length             Attributes
FLASH            0x0000000008000000 0x0000000000040000 xr
RAM              0x0000000020000000 0x000000000000a000 xrw
CCMRAM           0x0000000010000000 0x0000000000002000 rw
*default*        0x0000000000000000 0xffffffffffffffff

Linker script and memory map

LOAD /Applications/Eclipse.app/Contents/Eclipse/plugins/fr.ac6.mcu.externaltools.arm-none.linux64_1.3.0.201507241112/tools/compiler/bin/../lib/gcc/arm-none-eabi/4.9.3/armv7e-m/crti.o
LOAD /Applications/Eclipse.app/Contents/Eclipse/plugins/fr.ac6.mcu.externaltools.arm-none.linux64_1.3.0.201507241112/tools/compiler/bin/../lib/gcc/arm-none-eabi/4.9.3/armv7e-m/crtbegin.o
LOAD /Applications/Eclipse.app/Contents/Eclipse/plugins/fr.ac6.mcu.externaltools.arm-none.linux64_1.3.0.201507241112/tools/compiler/bin/../lib/gcc/arm-none-eabi/4.9.3/../../../../arm-none-eabi/lib/armv7e-m/crt0.o
LOAD /Applications/Eclipse.app/Contents/Eclipse/plugins/fr.ac6.mcu.externaltools.arm-none.linux64_1.3.0.201507241112/tools/compiler/bin/../lib/gcc/arm-none-eabi/4.9.3/../../../../arm-none-eabi/lib/armv7e-m/libm.a
LOAD src/led_funktionen.o
LOAD src/main.o
LOAD src/state_machine.o
LOAD src/stm32f3xx_it.o
LOAD src/syscalls.o
LOAD src/system_stm32f3xx.o
LOAD startup/startup_stm32f303xc.o
LOAD /Users/jakubkopec/Dropbox/TGM/5BHIT/SYT/Labor/Weiser/workspace/stm32f3discovery_hal_lib/Debug/libstm32f3discovery_hal_lib.a
START GROUP
LOAD /Applications/Eclipse.app/Contents/Eclipse/plugins/fr.ac6.mcu.externaltools.arm-none.linux64_1.3.0.201507241112/tools/compiler/bin/../lib/gcc/arm-none-eabi/4.9.3/armv7e-m/libgcc.a
LOAD /Applications/Eclipse.app/Contents/Eclipse/plugins/fr.ac6.mcu.externaltools.arm-none.linux64_1.3.0.201507241112/tools/compiler/bin/../lib/gcc/arm-none-eabi/4.9.3/../../../../arm-none-eabi/lib/armv7e-m/libc.a
END GROUP
LOAD /Applications/Eclipse.app/Contents/Eclipse/plugins/fr.ac6.mcu.externaltools.arm-none.linux64_1.3.0.201507241112/tools/compiler/bin/../lib/gcc/arm-none-eabi/4.9.3/armv7e-m/crtend.o
LOAD /Applications/Eclipse.app/Contents/Eclipse/plugins/fr.ac6.mcu.externaltools.arm-none.linux64_1.3.0.201507241112/tools/compiler/bin/../lib/gcc/arm-none-eabi/4.9.3/armv7e-m/crtn.o
                0x000000002000a000                _estack = 0x2000a000
                0x0000000000000200                _Min_Heap_Size = 0x200
                0x0000000000000400                _Min_Stack_Size = 0x400

.isr_vector     0x0000000008000000      0x188
                0x0000000008000000                . = ALIGN (0x4)
 *(.isr_vector)
 .isr_vector    0x0000000008000000      0x188 startup/startup_stm32f303xc.o
                0x0000000008000000                g_pfnVectors
                0x0000000008000188                . = ALIGN (0x4)

.text           0x0000000008000188      0xd00
                0x0000000008000188                . = ALIGN (0x4)
 *(.text)
 .text          0x0000000008000188       0x5c /Applications/Eclipse.app/Contents/Eclipse/plugins/fr.ac6.mcu.externaltools.arm-none.linux64_1.3.0.201507241112/tools/compiler/bin/../lib/gcc/arm-none-eabi/4.9.3/armv7e-m/crtbegin.o
 *(.text*)
 .text.led_reset
                0x00000000080001e4       0x18 src/led_funktionen.o
                0x00000000080001e4                led_reset
 .text.rote_led_an
                0x00000000080001fc       0x10 src/led_funktionen.o
                0x00000000080001fc                rote_led_an
 .text.rote_gelbe_led_an
                0x000000000800020c       0x18 src/led_funktionen.o
                0x000000000800020c                rote_gelbe_led_an
 .text.gruene_led_an
                0x0000000008000224       0x10 src/led_funktionen.o
                0x0000000008000224                gruene_led_an
 .text.gelbe_led_an
                0x0000000008000234       0x10 src/led_funktionen.o
                0x0000000008000234                gelbe_led_an
 .text.NVIC_SetPriority
                0x0000000008000244       0x54 src/main.o
 .text.SysTick_Config
                0x0000000008000298       0x44 src/main.o
 .text.main     0x00000000080002dc       0x60 src/main.o
                0x00000000080002dc                main
 .text.EXTI0_Config
                0x000000000800033c       0x4c src/main.o
                0x000000000800033c                EXTI0_Config
 .text.HAL_SYSTICK_Callback
                0x0000000008000388       0x14 src/main.o
                0x0000000008000388                HAL_SYSTICK_Callback
 .text.ampelsteuerung
                0x000000000800039c      0x1c4 src/state_machine.o
                0x000000000800039c                ampelsteuerung
 .text.SysTick_Handler
                0x0000000008000560       0x10 src/stm32f3xx_it.o
                0x0000000008000560                SysTick_Handler
 .text.SystemInit
                0x0000000008000570       0x84 src/system_stm32f3xx.o
                0x0000000008000570                SystemInit
 .text.SystemCoreClockUpdate
                0x00000000080005f4       0xd4 src/system_stm32f3xx.o
                0x00000000080005f4                SystemCoreClockUpdate
 .text.Reset_Handler
                0x00000000080006c8       0x50 startup/startup_stm32f303xc.o
                0x00000000080006c8                Reset_Handler
 .text.Default_Handler
                0x0000000008000718        0x2 startup/startup_stm32f303xc.o
                0x0000000008000718                TIM1_BRK_TIM15_IRQHandler
                0x0000000008000718                TIM8_TRG_COM_IRQHandler
                0x0000000008000718                TIM8_CC_IRQHandler
                0x0000000008000718                DebugMon_Handler
                0x0000000008000718                TIM1_CC_IRQHandler
                0x0000000008000718                HardFault_Handler
                0x0000000008000718                USB_HP_IRQHandler
                0x0000000008000718                PVD_IRQHandler
                0x0000000008000718                TAMP_STAMP_IRQHandler
                0x0000000008000718                PendSV_Handler
                0x0000000008000718                NMI_Handler
                0x0000000008000718                EXTI3_IRQHandler
                0x0000000008000718                USB_HP_CAN_TX_IRQHandler
                0x0000000008000718                EXTI0_IRQHandler
                0x0000000008000718                I2C2_EV_IRQHandler
                0x0000000008000718                FPU_IRQHandler
                0x0000000008000718                TIM1_UP_TIM16_IRQHandler
                0x0000000008000718                UsageFault_Handler
                0x0000000008000718                ADC1_2_IRQHandler
                0x0000000008000718                SPI1_IRQHandler
                0x0000000008000718                CAN_SCE_IRQHandler
                0x0000000008000718                TIM6_DAC_IRQHandler
                0x0000000008000718                TIM8_UP_IRQHandler
                0x0000000008000718                DMA2_Channel2_IRQHandler
                0x0000000008000718                DMA1_Channel4_IRQHandler
                0x0000000008000718                USART3_IRQHandler
                0x0000000008000718                DMA1_Channel7_IRQHandler
                0x0000000008000718                UART5_IRQHandler
                0x0000000008000718                ADC3_IRQHandler
                0x0000000008000718                TIM4_IRQHandler
                0x0000000008000718                CAN_RX1_IRQHandler
                0x0000000008000718                DMA2_Channel1_IRQHandler
                0x0000000008000718                I2C1_EV_IRQHandler
                0x0000000008000718                DMA1_Channel6_IRQHandler
                0x0000000008000718                UART4_IRQHandler
                0x0000000008000718                DMA2_Channel4_IRQHandler
                0x0000000008000718                TIM3_IRQHandler
                0x0000000008000718                RCC_IRQHandler
                0x0000000008000718                DMA1_Channel1_IRQHandler
                0x0000000008000718                Default_Handler
                0x0000000008000718                USBWakeUp_RMP_IRQHandler
                0x0000000008000718                EXTI15_10_IRQHandler
                0x0000000008000718                TIM7_IRQHandler
                0x0000000008000718                EXTI9_5_IRQHandler
                0x0000000008000718                RTC_WKUP_IRQHandler
                0x0000000008000718                SPI2_IRQHandler
                0x0000000008000718                USB_LP_CAN_RX0_IRQHandler
                0x0000000008000718                MemManage_Handler
                0x0000000008000718                SVC_Handler
                0x0000000008000718                DMA2_Channel5_IRQHandler
                0x0000000008000718                DMA1_Channel5_IRQHandler
                0x0000000008000718                USB_LP_IRQHandler
                0x0000000008000718                EXTI4_IRQHandler
                0x0000000008000718                TIM1_TRG_COM_TIM17_IRQHandler
                0x0000000008000718                DMA1_Channel3_IRQHandler
                0x0000000008000718                ADC4_IRQHandler
                0x0000000008000718                WWDG_IRQHandler
                0x0000000008000718                TIM2_IRQHandler
                0x0000000008000718                COMP7_IRQHandler
                0x0000000008000718                COMP1_2_3_IRQHandler
                0x0000000008000718                EXTI1_IRQHandler
                0x0000000008000718                USART2_IRQHandler
                0x0000000008000718                COMP4_5_6_IRQHandler
                0x0000000008000718                I2C2_ER_IRQHandler
                0x0000000008000718                DMA1_Channel2_IRQHandler
                0x0000000008000718                TIM8_BRK_IRQHandler
                0x0000000008000718                FLASH_IRQHandler
                0x0000000008000718                BusFault_Handler
                0x0000000008000718                USART1_IRQHandler
                0x0000000008000718                SPI3_IRQHandler
                0x0000000008000718                I2C1_ER_IRQHandler
                0x0000000008000718                USBWakeUp_IRQHandler
                0x0000000008000718                DMA2_Channel3_IRQHandler
                0x0000000008000718                EXTI2_TSC_IRQHandler
                0x0000000008000718                RTC_Alarm_IRQHandler
 *fill*         0x000000000800071a        0x2 
 .text.HAL_IncTick
                0x000000000800071c       0x1c /Users/jakubkopec/Dropbox/TGM/5BHIT/SYT/Labor/Weiser/workspace/stm32f3discovery_hal_lib/Debug/libstm32f3discovery_hal_lib.a(stm32f3xx_hal.o)
                0x000000000800071c                HAL_IncTick
 .text.NVIC_GetPriorityGrouping
                0x0000000008000738       0x1c /Users/jakubkopec/Dropbox/TGM/5BHIT/SYT/Labor/Weiser/workspace/stm32f3discovery_hal_lib/Debug/libstm32f3discovery_hal_lib.a(stm32f3xx_hal_cortex.o)
 .text.NVIC_EnableIRQ
                0x0000000008000754       0x30 /Users/jakubkopec/Dropbox/TGM/5BHIT/SYT/Labor/Weiser/workspace/stm32f3discovery_hal_lib/Debug/libstm32f3discovery_hal_lib.a(stm32f3xx_hal_cortex.o)
 .text.NVIC_SetPriority
                0x0000000008000784       0x54 /Users/jakubkopec/Dropbox/TGM/5BHIT/SYT/Labor/Weiser/workspace/stm32f3discovery_hal_lib/Debug/libstm32f3discovery_hal_lib.a(stm32f3xx_hal_cortex.o)
 .text.NVIC_EncodePriority
                0x00000000080007d8       0x68 /Users/jakubkopec/Dropbox/TGM/5BHIT/SYT/Labor/Weiser/workspace/stm32f3discovery_hal_lib/Debug/libstm32f3discovery_hal_lib.a(stm32f3xx_hal_cortex.o)
 .text.HAL_NVIC_SetPriority
                0x0000000008000840       0x38 /Users/jakubkopec/Dropbox/TGM/5BHIT/SYT/Labor/Weiser/workspace/stm32f3discovery_hal_lib/Debug/libstm32f3discovery_hal_lib.a(stm32f3xx_hal_cortex.o)
                0x0000000008000840                HAL_NVIC_SetPriority
 .text.HAL_NVIC_EnableIRQ
                0x0000000008000878       0x1c /Users/jakubkopec/Dropbox/TGM/5BHIT/SYT/Labor/Weiser/workspace/stm32f3discovery_hal_lib/Debug/libstm32f3discovery_hal_lib.a(stm32f3xx_hal_cortex.o)
                0x0000000008000878                HAL_NVIC_EnableIRQ
 .text.HAL_SYSTICK_IRQHandler
                0x0000000008000894        0xc /Users/jakubkopec/Dropbox/TGM/5BHIT/SYT/Labor/Weiser/workspace/stm32f3discovery_hal_lib/Debug/libstm32f3discovery_hal_lib.a(stm32f3xx_hal_cortex.o)
                0x0000000008000894                HAL_SYSTICK_IRQHandler
 .text.HAL_GPIO_Init
                0x00000000080008a0      0x2f8 /Users/jakubkopec/Dropbox/TGM/5BHIT/SYT/Labor/Weiser/workspace/stm32f3discovery_hal_lib/Debug/libstm32f3discovery_hal_lib.a(stm32f3xx_hal_gpio.o)
                0x00000000080008a0                HAL_GPIO_Init
 .text.HAL_GPIO_WritePin
                0x0000000008000b98       0x30 /Users/jakubkopec/Dropbox/TGM/5BHIT/SYT/Labor/Weiser/workspace/stm32f3discovery_hal_lib/Debug/libstm32f3discovery_hal_lib.a(stm32f3xx_hal_gpio.o)
                0x0000000008000b98                HAL_GPIO_WritePin
 .text.BSP_LED_Init
                0x0000000008000bc8      0x100 /Users/jakubkopec/Dropbox/TGM/5BHIT/SYT/Labor/Weiser/workspace/stm32f3discovery_hal_lib/Debug/libstm32f3discovery_hal_lib.a(stm32f3_discovery.o)
                0x0000000008000bc8                BSP_LED_Init
 .text.BSP_LED_On
                0x0000000008000cc8       0x34 /Users/jakubkopec/Dropbox/TGM/5BHIT/SYT/Labor/Weiser/workspace/stm32f3discovery_hal_lib/Debug/libstm32f3discovery_hal_lib.a(stm32f3_discovery.o)
                0x0000000008000cc8                BSP_LED_On
 .text.BSP_LED_Off
                0x0000000008000cfc       0x34 /Users/jakubkopec/Dropbox/TGM/5BHIT/SYT/Labor/Weiser/workspace/stm32f3discovery_hal_lib/Debug/libstm32f3discovery_hal_lib.a(stm32f3_discovery.o)
                0x0000000008000cfc                BSP_LED_Off
 .text.__libc_init_array
                0x0000000008000d30       0x50 /Applications/Eclipse.app/Contents/Eclipse/plugins/fr.ac6.mcu.externaltools.arm-none.linux64_1.3.0.201507241112/tools/compiler/bin/../lib/gcc/arm-none-eabi/4.9.3/../../../../arm-none-eabi/lib/armv7e-m/libc.a(lib_a-init.o)
                0x0000000008000d30                __libc_init_array
 .text.startup.register_fini
                0x0000000008000d80       0x14 /Applications/Eclipse.app/Contents/Eclipse/plugins/fr.ac6.mcu.externaltools.arm-none.linux64_1.3.0.201507241112/tools/compiler/bin/../lib/gcc/arm-none-eabi/4.9.3/../../../../arm-none-eabi/lib/armv7e-m/libc.a(lib_a-__call_atexit.o)
 .text.atexit   0x0000000008000d94        0xc /Applications/Eclipse.app/Contents/Eclipse/plugins/fr.ac6.mcu.externaltools.arm-none.linux64_1.3.0.201507241112/tools/compiler/bin/../lib/gcc/arm-none-eabi/4.9.3/../../../../arm-none-eabi/lib/armv7e-m/libc.a(lib_a-atexit.o)
                0x0000000008000d94                atexit
 .text.__libc_fini_array
                0x0000000008000da0       0x2c /Applications/Eclipse.app/Contents/Eclipse/plugins/fr.ac6.mcu.externaltools.arm-none.linux64_1.3.0.201507241112/tools/compiler/bin/../lib/gcc/arm-none-eabi/4.9.3/../../../../arm-none-eabi/lib/armv7e-m/libc.a(lib_a-fini.o)
                0x0000000008000da0                __libc_fini_array
 .text.__register_exitproc
                0x0000000008000dcc       0xa4 /Applications/Eclipse.app/Contents/Eclipse/plugins/fr.ac6.mcu.externaltools.arm-none.linux64_1.3.0.201507241112/tools/compiler/bin/../lib/gcc/arm-none-eabi/4.9.3/../../../../arm-none-eabi/lib/armv7e-m/libc.a(lib_a-__atexit.o)
                0x0000000008000dcc                __register_exitproc
 *(.glue_7)
 .glue_7        0x0000000000000000        0x0 linker stubs
 *(.glue_7t)
 .glue_7t       0x0000000000000000        0x0 linker stubs
 *(.eh_frame)
 .eh_frame      0x0000000008000e70        0x0 /Applications/Eclipse.app/Contents/Eclipse/plugins/fr.ac6.mcu.externaltools.arm-none.linux64_1.3.0.201507241112/tools/compiler/bin/../lib/gcc/arm-none-eabi/4.9.3/armv7e-m/crtbegin.o
 *(.init)
 .init          0x0000000008000e70        0x4 /Applications/Eclipse.app/Contents/Eclipse/plugins/fr.ac6.mcu.externaltools.arm-none.linux64_1.3.0.201507241112/tools/compiler/bin/../lib/gcc/arm-none-eabi/4.9.3/armv7e-m/crti.o
                0x0000000008000e70                _init
 .init          0x0000000008000e74        0x8 /Applications/Eclipse.app/Contents/Eclipse/plugins/fr.ac6.mcu.externaltools.arm-none.linux64_1.3.0.201507241112/tools/compiler/bin/../lib/gcc/arm-none-eabi/4.9.3/armv7e-m/crtn.o
 *(.fini)
 .fini          0x0000000008000e7c        0x4 /Applications/Eclipse.app/Contents/Eclipse/plugins/fr.ac6.mcu.externaltools.arm-none.linux64_1.3.0.201507241112/tools/compiler/bin/../lib/gcc/arm-none-eabi/4.9.3/armv7e-m/crti.o
                0x0000000008000e7c                _fini
 .fini          0x0000000008000e80        0x8 /Applications/Eclipse.app/Contents/Eclipse/plugins/fr.ac6.mcu.externaltools.arm-none.linux64_1.3.0.201507241112/tools/compiler/bin/../lib/gcc/arm-none-eabi/4.9.3/armv7e-m/crtn.o
                0x0000000008000e88                . = ALIGN (0x4)
                0x0000000008000e88                _etext = .

.vfp11_veneer   0x0000000008000e88        0x0
 .vfp11_veneer  0x0000000000000000        0x0 linker stubs

.v4_bx          0x0000000008000e88        0x0
 .v4_bx         0x0000000000000000        0x0 linker stubs

.iplt           0x0000000008000e88        0x0
 .iplt          0x0000000000000000        0x0 /Applications/Eclipse.app/Contents/Eclipse/plugins/fr.ac6.mcu.externaltools.arm-none.linux64_1.3.0.201507241112/tools/compiler/bin/../lib/gcc/arm-none-eabi/4.9.3/armv7e-m/crtbegin.o

.rodata         0x0000000008000e88       0x20
                0x0000000008000e88                . = ALIGN (0x4)
 *(.rodata)
 .rodata        0x0000000008000e88       0x15 /Users/jakubkopec/Dropbox/TGM/5BHIT/SYT/Labor/Weiser/workspace/stm32f3discovery_hal_lib/Debug/libstm32f3discovery_hal_lib.a(stm32f3_discovery.o)
                0x0000000008000e88                LED_PIN
                0x0000000008000e98                BUTTON_PIN
                0x0000000008000e9c                BUTTON_IRQn
 *(.rodata*)
 *fill*         0x0000000008000e9d        0x3 
 .rodata.str1.4
                0x0000000008000ea0        0x4 /Applications/Eclipse.app/Contents/Eclipse/plugins/fr.ac6.mcu.externaltools.arm-none.linux64_1.3.0.201507241112/tools/compiler/bin/../lib/gcc/arm-none-eabi/4.9.3/../../../../arm-none-eabi/lib/armv7e-m/libc.a(lib_a-impure.o)
                                          0x2 (size before relaxing)
 .rodata._global_impure_ptr
                0x0000000008000ea4        0x4 /Applications/Eclipse.app/Contents/Eclipse/plugins/fr.ac6.mcu.externaltools.arm-none.linux64_1.3.0.201507241112/tools/compiler/bin/../lib/gcc/arm-none-eabi/4.9.3/../../../../arm-none-eabi/lib/armv7e-m/libc.a(lib_a-impure.o)
                0x0000000008000ea4                _global_impure_ptr
                0x0000000008000ea8                . = ALIGN (0x4)

.rel.dyn        0x0000000008000ea8        0x0
 .rel.iplt      0x0000000000000000        0x0 /Applications/Eclipse.app/Contents/Eclipse/plugins/fr.ac6.mcu.externaltools.arm-none.linux64_1.3.0.201507241112/tools/compiler/bin/../lib/gcc/arm-none-eabi/4.9.3/armv7e-m/crtbegin.o

.ARM.extab
 *(.ARM.extab* .gnu.linkonce.armextab.*)

.ARM            0x0000000008000ea8        0x0
                0x0000000008000ea8                __exidx_start = .
 *(.ARM.exidx*)
                0x0000000008000ea8                __exidx_end = .

.preinit_array  0x0000000008000ea8        0x0
                0x0000000008000ea8                PROVIDE (__preinit_array_start, .)
 *(.preinit_array*)
                0x0000000008000ea8                PROVIDE (__preinit_array_end, .)

.init_array     0x0000000008000ea8        0x8
                0x0000000008000ea8                PROVIDE (__init_array_start, .)
 *(SORT(.init_array.*))
 .init_array.00000
                0x0000000008000ea8        0x4 /Applications/Eclipse.app/Contents/Eclipse/plugins/fr.ac6.mcu.externaltools.arm-none.linux64_1.3.0.201507241112/tools/compiler/bin/../lib/gcc/arm-none-eabi/4.9.3/../../../../arm-none-eabi/lib/armv7e-m/libc.a(lib_a-__call_atexit.o)
 *(.init_array*)
 .init_array    0x0000000008000eac        0x4 /Applications/Eclipse.app/Contents/Eclipse/plugins/fr.ac6.mcu.externaltools.arm-none.linux64_1.3.0.201507241112/tools/compiler/bin/../lib/gcc/arm-none-eabi/4.9.3/armv7e-m/crtbegin.o
                0x0000000008000eb0                PROVIDE (__init_array_end, .)

.fini_array     0x0000000008000eb0        0x4
                0x0000000008000eb0                PROVIDE (__fini_array_start, .)
 *(SORT(.fini_array.*))
 *(.fini_array*)
 .fini_array    0x0000000008000eb0        0x4 /Applications/Eclipse.app/Contents/Eclipse/plugins/fr.ac6.mcu.externaltools.arm-none.linux64_1.3.0.201507241112/tools/compiler/bin/../lib/gcc/arm-none-eabi/4.9.3/armv7e-m/crtbegin.o
                0x0000000008000eb4                PROVIDE (__fini_array_end, .)
                0x0000000008000eb4                _sidata = LOADADDR (.data)

.data           0x0000000020000000      0x468 load address 0x0000000008000eb4
                0x0000000020000000                . = ALIGN (0x4)
                0x0000000020000000                _sdata = .
 *(.data)
 .data          0x0000000020000000       0x14 src/system_stm32f3xx.o
                0x0000000020000000                SystemCoreClock
                0x0000000020000004                AHBPrescTable
 .data          0x0000000020000014       0x2c /Users/jakubkopec/Dropbox/TGM/5BHIT/SYT/Labor/Weiser/workspace/stm32f3discovery_hal_lib/Debug/libstm32f3discovery_hal_lib.a(stm32f3_discovery.o)
                0x0000000020000014                LED_PORT
                0x0000000020000034                BUTTON_PORT
                0x0000000020000038                SpixTimeout
                0x000000002000003c                I2cxTimeout
 *(.data*)
 .data.impure_data
                0x0000000020000040      0x428 /Applications/Eclipse.app/Contents/Eclipse/plugins/fr.ac6.mcu.externaltools.arm-none.linux64_1.3.0.201507241112/tools/compiler/bin/../lib/gcc/arm-none-eabi/4.9.3/../../../../arm-none-eabi/lib/armv7e-m/libc.a(lib_a-impure.o)
                0x0000000020000468                . = ALIGN (0x4)
                0x0000000020000468                _edata = .
                0x000000000800131c                _siccmram = LOADADDR (.ccmram)

.jcr            0x0000000020000468        0x0 load address 0x000000000800131c
 .jcr           0x0000000020000468        0x0 /Applications/Eclipse.app/Contents/Eclipse/plugins/fr.ac6.mcu.externaltools.arm-none.linux64_1.3.0.201507241112/tools/compiler/bin/../lib/gcc/arm-none-eabi/4.9.3/armv7e-m/crtbegin.o

.igot.plt       0x0000000020000468        0x0 load address 0x000000000800131c
 .igot.plt      0x0000000000000000        0x0 /Applications/Eclipse.app/Contents/Eclipse/plugins/fr.ac6.mcu.externaltools.arm-none.linux64_1.3.0.201507241112/tools/compiler/bin/../lib/gcc/arm-none-eabi/4.9.3/armv7e-m/crtbegin.o

.ccmram         0x0000000010000000        0x0 load address 0x000000000800131c
                0x0000000010000000                . = ALIGN (0x4)
                0x0000000010000000                _sccmram = .
 *(.ccmram)
 *(.ccmram*)
                0x0000000010000000                . = ALIGN (0x4)
                0x0000000010000000                _eccmram = .
                0x0000000010000000                . = ALIGN (0x4)

.bss            0x0000000020000468       0x34
                0x0000000020000468                _sbss = .
                0x0000000020000468                __bss_start__ = _sbss
 *(.bss)
 .bss           0x0000000020000468       0x1c /Applications/Eclipse.app/Contents/Eclipse/plugins/fr.ac6.mcu.externaltools.arm-none.linux64_1.3.0.201507241112/tools/compiler/bin/../lib/gcc/arm-none-eabi/4.9.3/armv7e-m/crtbegin.o
 .bss           0x0000000020000484        0x4 src/state_machine.o
 .bss           0x0000000020000488        0x4 /Users/jakubkopec/Dropbox/TGM/5BHIT/SYT/Labor/Weiser/workspace/stm32f3discovery_hal_lib/Debug/libstm32f3discovery_hal_lib.a(stm32f3xx_hal.o)
 *(.bss*)
 *(COMMON)
 COMMON         0x000000002000048c       0x10 src/main.o
                0x000000002000048c                licht
                0x0000000020000490                ampel
                0x000000002000049c                . = ALIGN (0x4)
                0x000000002000049c                _ebss = .
                0x000000002000049c                __bss_end__ = _ebss

._user_heap_stack
                0x000000002000049c      0x604
                0x00000000200004a0                . = ALIGN (0x8)
 *fill*         0x000000002000049c        0x4 
                0x00000000200004a0                PROVIDE (end, .)
                0x00000000200004a0                PROVIDE (_end, .)
                0x00000000200006a0                . = (. + _Min_Heap_Size)
 *fill*         0x00000000200004a0      0x200 
                0x0000000020000aa0                . = (. + _Min_Stack_Size)
 *fill*         0x00000000200006a0      0x400 
                0x0000000020000aa0                . = ALIGN (0x8)

/DISCARD/
 libc.a(*)
 libm.a(*)
 libgcc.a(*)

.ARM.attributes
                0x0000000000000000       0x2a
 *(.ARM.attributes)
 .ARM.attributes
                0x0000000000000000       0x1e /Applications/Eclipse.app/Contents/Eclipse/plugins/fr.ac6.mcu.externaltools.arm-none.linux64_1.3.0.201507241112/tools/compiler/bin/../lib/gcc/arm-none-eabi/4.9.3/armv7e-m/crti.o
 .ARM.attributes
                0x000000000000001e       0x2e /Applications/Eclipse.app/Contents/Eclipse/plugins/fr.ac6.mcu.externaltools.arm-none.linux64_1.3.0.201507241112/tools/compiler/bin/../lib/gcc/arm-none-eabi/4.9.3/armv7e-m/crtbegin.o
 .ARM.attributes
                0x000000000000004c       0x33 src/led_funktionen.o
 .ARM.attributes
                0x000000000000007f       0x33 src/main.o
 .ARM.attributes
                0x00000000000000b2       0x33 src/state_machine.o
 .ARM.attributes
                0x00000000000000e5       0x33 src/stm32f3xx_it.o
 .ARM.attributes
                0x0000000000000118       0x33 src/system_stm32f3xx.o
 .ARM.attributes
                0x000000000000014b       0x21 startup/startup_stm32f303xc.o
 .ARM.attributes
                0x000000000000016c       0x33 /Users/jakubkopec/Dropbox/TGM/5BHIT/SYT/Labor/Weiser/workspace/stm32f3discovery_hal_lib/Debug/libstm32f3discovery_hal_lib.a(stm32f3xx_hal.o)
 .ARM.attributes
                0x000000000000019f       0x33 /Users/jakubkopec/Dropbox/TGM/5BHIT/SYT/Labor/Weiser/workspace/stm32f3discovery_hal_lib/Debug/libstm32f3discovery_hal_lib.a(stm32f3xx_hal_cortex.o)
 .ARM.attributes
                0x00000000000001d2       0x33 /Users/jakubkopec/Dropbox/TGM/5BHIT/SYT/Labor/Weiser/workspace/stm32f3discovery_hal_lib/Debug/libstm32f3discovery_hal_lib.a(stm32f3xx_hal_gpio.o)
 .ARM.attributes
                0x0000000000000205       0x33 /Users/jakubkopec/Dropbox/TGM/5BHIT/SYT/Labor/Weiser/workspace/stm32f3discovery_hal_lib/Debug/libstm32f3discovery_hal_lib.a(stm32f3_discovery.o)
 .ARM.attributes
                0x0000000000000238       0x2e /Applications/Eclipse.app/Contents/Eclipse/plugins/fr.ac6.mcu.externaltools.arm-none.linux64_1.3.0.201507241112/tools/compiler/bin/../lib/gcc/arm-none-eabi/4.9.3/../../../../arm-none-eabi/lib/armv7e-m/libc.a(lib_a-impure.o)
 .ARM.attributes
                0x0000000000000266       0x2e /Applications/Eclipse.app/Contents/Eclipse/plugins/fr.ac6.mcu.externaltools.arm-none.linux64_1.3.0.201507241112/tools/compiler/bin/../lib/gcc/arm-none-eabi/4.9.3/../../../../arm-none-eabi/lib/armv7e-m/libc.a(lib_a-init.o)
 .ARM.attributes
                0x0000000000000294       0x2e /Applications/Eclipse.app/Contents/Eclipse/plugins/fr.ac6.mcu.externaltools.arm-none.linux64_1.3.0.201507241112/tools/compiler/bin/../lib/gcc/arm-none-eabi/4.9.3/../../../../arm-none-eabi/lib/armv7e-m/libc.a(lib_a-__call_atexit.o)
 .ARM.attributes
                0x00000000000002c2       0x2e /Applications/Eclipse.app/Contents/Eclipse/plugins/fr.ac6.mcu.externaltools.arm-none.linux64_1.3.0.201507241112/tools/compiler/bin/../lib/gcc/arm-none-eabi/4.9.3/../../../../arm-none-eabi/lib/armv7e-m/libc.a(lib_a-atexit.o)
 .ARM.attributes
                0x00000000000002f0       0x2e /Applications/Eclipse.app/Contents/Eclipse/plugins/fr.ac6.mcu.externaltools.arm-none.linux64_1.3.0.201507241112/tools/compiler/bin/../lib/gcc/arm-none-eabi/4.9.3/../../../../arm-none-eabi/lib/armv7e-m/libc.a(lib_a-fini.o)
 .ARM.attributes
                0x000000000000031e       0x2e /Applications/Eclipse.app/Contents/Eclipse/plugins/fr.ac6.mcu.externaltools.arm-none.linux64_1.3.0.201507241112/tools/compiler/bin/../lib/gcc/arm-none-eabi/4.9.3/../../../../arm-none-eabi/lib/armv7e-m/libc.a(lib_a-__atexit.o)
 .ARM.attributes
                0x000000000000034c       0x1e /Applications/Eclipse.app/Contents/Eclipse/plugins/fr.ac6.mcu.externaltools.arm-none.linux64_1.3.0.201507241112/tools/compiler/bin/../lib/gcc/arm-none-eabi/4.9.3/armv7e-m/crtn.o
OUTPUT(Ampelsteuerung_mit_Interrupts.elf elf32-littlearm)

.debug_info     0x0000000000000000     0x3a66
 .debug_info    0x0000000000000000      0x17e src/led_funktionen.o
 .debug_info    0x000000000000017e      0x97c src/main.o
 .debug_info    0x0000000000000afa      0x13c src/state_machine.o
 .debug_info    0x0000000000000c36       0xaf src/stm32f3xx_it.o
 .debug_info    0x0000000000000ce5      0x3b7 src/system_stm32f3xx.o
 .debug_info    0x000000000000109c       0xa8 startup/startup_stm32f303xc.o
 .debug_info    0x0000000000001144      0x643 /Users/jakubkopec/Dropbox/TGM/5BHIT/SYT/Labor/Weiser/workspace/stm32f3discovery_hal_lib/Debug/libstm32f3discovery_hal_lib.a(stm32f3xx_hal.o)
 .debug_info    0x0000000000001787      0xb08 /Users/jakubkopec/Dropbox/TGM/5BHIT/SYT/Labor/Weiser/workspace/stm32f3discovery_hal_lib/Debug/libstm32f3discovery_hal_lib.a(stm32f3xx_hal_cortex.o)
 .debug_info    0x000000000000228f      0x663 /Users/jakubkopec/Dropbox/TGM/5BHIT/SYT/Labor/Weiser/workspace/stm32f3discovery_hal_lib/Debug/libstm32f3discovery_hal_lib.a(stm32f3xx_hal_gpio.o)
 .debug_info    0x00000000000028f2     0x1174 /Users/jakubkopec/Dropbox/TGM/5BHIT/SYT/Labor/Weiser/workspace/stm32f3discovery_hal_lib/Debug/libstm32f3discovery_hal_lib.a(stm32f3_discovery.o)

.debug_abbrev   0x0000000000000000      0xc87
 .debug_abbrev  0x0000000000000000       0x7e src/led_funktionen.o
 .debug_abbrev  0x000000000000007e      0x211 src/main.o
 .debug_abbrev  0x000000000000028f       0xb6 src/state_machine.o
 .debug_abbrev  0x0000000000000345       0x6a src/stm32f3xx_it.o
 .debug_abbrev  0x00000000000003af      0x104 src/system_stm32f3xx.o
 .debug_abbrev  0x00000000000004b3       0x12 startup/startup_stm32f303xc.o
 .debug_abbrev  0x00000000000004c5      0x17d /Users/jakubkopec/Dropbox/TGM/5BHIT/SYT/Labor/Weiser/workspace/stm32f3discovery_hal_lib/Debug/libstm32f3discovery_hal_lib.a(stm32f3xx_hal.o)
 .debug_abbrev  0x0000000000000642      0x280 /Users/jakubkopec/Dropbox/TGM/5BHIT/SYT/Labor/Weiser/workspace/stm32f3discovery_hal_lib/Debug/libstm32f3discovery_hal_lib.a(stm32f3xx_hal_cortex.o)
 .debug_abbrev  0x00000000000008c2      0x1a4 /Users/jakubkopec/Dropbox/TGM/5BHIT/SYT/Labor/Weiser/workspace/stm32f3discovery_hal_lib/Debug/libstm32f3discovery_hal_lib.a(stm32f3xx_hal_gpio.o)
 .debug_abbrev  0x0000000000000a66      0x221 /Users/jakubkopec/Dropbox/TGM/5BHIT/SYT/Labor/Weiser/workspace/stm32f3discovery_hal_lib/Debug/libstm32f3discovery_hal_lib.a(stm32f3_discovery.o)

.debug_aranges  0x0000000000000000      0x400
 .debug_aranges
                0x0000000000000000       0x50 src/led_funktionen.o
 .debug_aranges
                0x0000000000000050       0x48 src/main.o
 .debug_aranges
                0x0000000000000098       0x20 src/state_machine.o
 .debug_aranges
                0x00000000000000b8       0x20 src/stm32f3xx_it.o
 .debug_aranges
                0x00000000000000d8       0x28 src/system_stm32f3xx.o
 .debug_aranges
                0x0000000000000100       0x28 startup/startup_stm32f303xc.o
 .debug_aranges
                0x0000000000000128       0xb0 /Users/jakubkopec/Dropbox/TGM/5BHIT/SYT/Labor/Weiser/workspace/stm32f3discovery_hal_lib/Debug/libstm32f3discovery_hal_lib.a(stm32f3xx_hal.o)
 .debug_aranges
                0x00000000000001d8      0x100 /Users/jakubkopec/Dropbox/TGM/5BHIT/SYT/Labor/Weiser/workspace/stm32f3discovery_hal_lib/Debug/libstm32f3discovery_hal_lib.a(stm32f3xx_hal_cortex.o)
 .debug_aranges
                0x00000000000002d8       0x58 /Users/jakubkopec/Dropbox/TGM/5BHIT/SYT/Labor/Weiser/workspace/stm32f3discovery_hal_lib/Debug/libstm32f3discovery_hal_lib.a(stm32f3xx_hal_gpio.o)
 .debug_aranges
                0x0000000000000330       0xd0 /Users/jakubkopec/Dropbox/TGM/5BHIT/SYT/Labor/Weiser/workspace/stm32f3discovery_hal_lib/Debug/libstm32f3discovery_hal_lib.a(stm32f3_discovery.o)

.debug_ranges   0x0000000000000000      0x368
 .debug_ranges  0x0000000000000000       0x40 src/led_funktionen.o
 .debug_ranges  0x0000000000000040       0x38 src/main.o
 .debug_ranges  0x0000000000000078       0x10 src/state_machine.o
 .debug_ranges  0x0000000000000088       0x10 src/stm32f3xx_it.o
 .debug_ranges  0x0000000000000098       0x18 src/system_stm32f3xx.o
 .debug_ranges  0x00000000000000b0       0x20 startup/startup_stm32f303xc.o
 .debug_ranges  0x00000000000000d0       0xa0 /Users/jakubkopec/Dropbox/TGM/5BHIT/SYT/Labor/Weiser/workspace/stm32f3discovery_hal_lib/Debug/libstm32f3discovery_hal_lib.a(stm32f3xx_hal.o)
 .debug_ranges  0x0000000000000170       0xf0 /Users/jakubkopec/Dropbox/TGM/5BHIT/SYT/Labor/Weiser/workspace/stm32f3discovery_hal_lib/Debug/libstm32f3discovery_hal_lib.a(stm32f3xx_hal_cortex.o)
 .debug_ranges  0x0000000000000260       0x48 /Users/jakubkopec/Dropbox/TGM/5BHIT/SYT/Labor/Weiser/workspace/stm32f3discovery_hal_lib/Debug/libstm32f3discovery_hal_lib.a(stm32f3xx_hal_gpio.o)
 .debug_ranges  0x00000000000002a8       0xc0 /Users/jakubkopec/Dropbox/TGM/5BHIT/SYT/Labor/Weiser/workspace/stm32f3discovery_hal_lib/Debug/libstm32f3discovery_hal_lib.a(stm32f3_discovery.o)

.debug_macro    0x0000000000000000    0x12efb
 .debug_macro   0x0000000000000000      0x2ec src/led_funktionen.o
 .debug_macro   0x00000000000002ec      0x892 src/led_funktionen.o
 .debug_macro   0x0000000000000b7e       0x28 src/led_funktionen.o
 .debug_macro   0x0000000000000ba6       0x28 src/led_funktionen.o
 .debug_macro   0x0000000000000bce       0x3b src/led_funktionen.o
 .debug_macro   0x0000000000000c09       0x22 src/led_funktionen.o
 .debug_macro   0x0000000000000c2b       0x44 src/led_funktionen.o
 .debug_macro   0x0000000000000c6f       0xe3 src/led_funktionen.o
 .debug_macro   0x0000000000000d52       0x22 src/led_funktionen.o
 .debug_macro   0x0000000000000d74      0x1df src/led_funktionen.o
 .debug_macro   0x0000000000000f53       0x2d src/led_funktionen.o
 .debug_macro   0x0000000000000f80       0x42 src/led_funktionen.o
 .debug_macro   0x0000000000000fc2      0xd39 src/led_funktionen.o
 .debug_macro   0x0000000000001cfb     0x822c src/led_funktionen.o
 .debug_macro   0x0000000000009f27       0x43 src/led_funktionen.o
 .debug_macro   0x0000000000009f6a      0x114 src/led_funktionen.o
 .debug_macro   0x000000000000a07e       0x56 src/led_funktionen.o
 .debug_macro   0x000000000000a0d4      0x747 src/led_funktionen.o
 .debug_macro   0x000000000000a81b      0x574 src/led_funktionen.o
 .debug_macro   0x000000000000ad8f      0x138 src/led_funktionen.o
 .debug_macro   0x000000000000aec7      0x1f4 src/led_funktionen.o
 .debug_macro   0x000000000000b0bb      0x1df src/led_funktionen.o
 .debug_macro   0x000000000000b29a       0x2a src/led_funktionen.o
 .debug_macro   0x000000000000b2c4       0x52 src/led_funktionen.o
 .debug_macro   0x000000000000b316      0xa3d src/led_funktionen.o
 .debug_macro   0x000000000000bd53      0x37c src/led_funktionen.o
 .debug_macro   0x000000000000c0cf       0x6c src/led_funktionen.o
 .debug_macro   0x000000000000c13b      0x316 src/led_funktionen.o
 .debug_macro   0x000000000000c451       0xb9 src/led_funktionen.o
 .debug_macro   0x000000000000c50a       0x4c src/led_funktionen.o
 .debug_macro   0x000000000000c556       0x12 src/led_funktionen.o
 .debug_macro   0x000000000000c568      0x1aa src/led_funktionen.o
 .debug_macro   0x000000000000c712       0x70 src/led_funktionen.o
 .debug_macro   0x000000000000c782      0x1ca src/led_funktionen.o
 .debug_macro   0x000000000000c94c      0x135 src/led_funktionen.o
 .debug_macro   0x000000000000ca81      0x1f4 src/led_funktionen.o
 .debug_macro   0x000000000000cc75       0x22 src/led_funktionen.o
 .debug_macro   0x000000000000cc97      0x1a0 src/led_funktionen.o
 .debug_macro   0x000000000000ce37       0x41 src/led_funktionen.o
 .debug_macro   0x000000000000ce78      0x1ed src/led_funktionen.o
 .debug_macro   0x000000000000d065       0x29 src/led_funktionen.o
 .debug_macro   0x000000000000d08e       0xbc src/led_funktionen.o
 .debug_macro   0x000000000000d14a      0x17d src/led_funktionen.o
 .debug_macro   0x000000000000d2c7       0x28 src/led_funktionen.o
 .debug_macro   0x000000000000d2ef      0x265 src/led_funktionen.o
 .debug_macro   0x000000000000d554       0xda src/led_funktionen.o
 .debug_macro   0x000000000000d62e       0xbe src/led_funktionen.o
 .debug_macro   0x000000000000d6ec      0x3c2 src/led_funktionen.o
 .debug_macro   0x000000000000daae      0x2e0 src/led_funktionen.o
 .debug_macro   0x000000000000dd8e      0x305 src/led_funktionen.o
 .debug_macro   0x000000000000e093       0x11 src/led_funktionen.o
 .debug_macro   0x000000000000e0a4      0x2b8 src/led_funktionen.o
 .debug_macro   0x000000000000e35c      0x2b8 src/led_funktionen.o
 .debug_macro   0x000000000000e614      0x6b6 src/led_funktionen.o
 .debug_macro   0x000000000000ecca      0x383 src/led_funktionen.o
 .debug_macro   0x000000000000f04d      0x46a src/led_funktionen.o
 .debug_macro   0x000000000000f4b7      0x4cc src/led_funktionen.o
 .debug_macro   0x000000000000f983       0x3b src/led_funktionen.o
 .debug_macro   0x000000000000f9be      0x1f4 src/led_funktionen.o
 .debug_macro   0x000000000000fbb2       0x2a src/led_funktionen.o
 .debug_macro   0x000000000000fbdc       0x87 src/led_funktionen.o
 .debug_macro   0x000000000000fc63      0x27d src/led_funktionen.o
 .debug_macro   0x000000000000fee0      0x29e src/led_funktionen.o
 .debug_macro   0x000000000001017e      0x414 src/main.o
 .debug_macro   0x0000000000010592       0x58 src/main.o
 .debug_macro   0x00000000000105ea       0x35 src/main.o
 .debug_macro   0x000000000001061f       0x9c src/main.o
 .debug_macro   0x00000000000106bb       0x16 src/main.o
 .debug_macro   0x00000000000106d1       0x97 src/main.o
 .debug_macro   0x0000000000010768      0x29d src/main.o
 .debug_macro   0x0000000000010a05       0xef src/main.o
 .debug_macro   0x0000000000010af4       0x10 src/main.o
 .debug_macro   0x0000000000010b04       0x52 src/main.o
 .debug_macro   0x0000000000010b56       0x16 src/main.o
 .debug_macro   0x0000000000010b6c       0x43 src/main.o
 .debug_macro   0x0000000000010baf      0x180 src/main.o
 .debug_macro   0x0000000000010d2f       0x10 src/main.o
 .debug_macro   0x0000000000010d3f       0x22 src/main.o
 .debug_macro   0x0000000000010d61       0xbe src/main.o
 .debug_macro   0x0000000000010e1f       0x16 src/main.o
 .debug_macro   0x0000000000010e35      0x197 src/main.o
 .debug_macro   0x0000000000010fcc       0x16 src/main.o
 .debug_macro   0x0000000000010fe2       0x35 src/main.o
 .debug_macro   0x0000000000011017       0x16 src/main.o
 .debug_macro   0x000000000001102d       0x29 src/main.o
 .debug_macro   0x0000000000011056       0x22 src/main.o
 .debug_macro   0x0000000000011078      0x15e src/state_machine.o
 .debug_macro   0x00000000000111d6       0x4a src/state_machine.o
 .debug_macro   0x0000000000011220      0x2e3 src/stm32f3xx_it.o
 .debug_macro   0x0000000000011503      0x2df src/system_stm32f3xx.o
 .debug_macro   0x00000000000117e2      0x2fd /Users/jakubkopec/Dropbox/TGM/5BHIT/SYT/Labor/Weiser/workspace/stm32f3discovery_hal_lib/Debug/libstm32f3discovery_hal_lib.a(stm32f3xx_hal.o)
 .debug_macro   0x0000000000011adf      0x88c /Users/jakubkopec/Dropbox/TGM/5BHIT/SYT/Labor/Weiser/workspace/stm32f3discovery_hal_lib/Debug/libstm32f3discovery_hal_lib.a(stm32f3xx_hal.o)
 .debug_macro   0x000000000001236b      0x2d9 /Users/jakubkopec/Dropbox/TGM/5BHIT/SYT/Labor/Weiser/workspace/stm32f3discovery_hal_lib/Debug/libstm32f3discovery_hal_lib.a(stm32f3xx_hal_cortex.o)
 .debug_macro   0x0000000000012644      0x319 /Users/jakubkopec/Dropbox/TGM/5BHIT/SYT/Labor/Weiser/workspace/stm32f3discovery_hal_lib/Debug/libstm32f3discovery_hal_lib.a(stm32f3xx_hal_gpio.o)
 .debug_macro   0x000000000001295d      0x306 /Users/jakubkopec/Dropbox/TGM/5BHIT/SYT/Labor/Weiser/workspace/stm32f3discovery_hal_lib/Debug/libstm32f3discovery_hal_lib.a(stm32f3_discovery.o)
 .debug_macro   0x0000000000012c63      0x298 /Users/jakubkopec/Dropbox/TGM/5BHIT/SYT/Labor/Weiser/workspace/stm32f3discovery_hal_lib/Debug/libstm32f3discovery_hal_lib.a(stm32f3_discovery.o)

.debug_line     0x0000000000000000     0x5de5
 .debug_line    0x0000000000000000      0xabe src/led_funktionen.o
 .debug_line    0x0000000000000abe      0xbb1 src/main.o
 .debug_line    0x000000000000166f      0x42e src/state_machine.o
 .debug_line    0x0000000000001a9d      0xa1c src/stm32f3xx_it.o
 .debug_line    0x00000000000024b9      0x9da src/system_stm32f3xx.o
 .debug_line    0x0000000000002e93       0x7f startup/startup_stm32f303xc.o
 .debug_line    0x0000000000002f12      0xb0c /Users/jakubkopec/Dropbox/TGM/5BHIT/SYT/Labor/Weiser/workspace/stm32f3discovery_hal_lib/Debug/libstm32f3discovery_hal_lib.a(stm32f3xx_hal.o)
 .debug_line    0x0000000000003a1e      0xc6e /Users/jakubkopec/Dropbox/TGM/5BHIT/SYT/Labor/Weiser/workspace/stm32f3discovery_hal_lib/Debug/libstm32f3discovery_hal_lib.a(stm32f3xx_hal_cortex.o)
 .debug_line    0x000000000000468c      0xb1c /Users/jakubkopec/Dropbox/TGM/5BHIT/SYT/Labor/Weiser/workspace/stm32f3discovery_hal_lib/Debug/libstm32f3discovery_hal_lib.a(stm32f3xx_hal_gpio.o)
 .debug_line    0x00000000000051a8      0xc3d /Users/jakubkopec/Dropbox/TGM/5BHIT/SYT/Labor/Weiser/workspace/stm32f3discovery_hal_lib/Debug/libstm32f3discovery_hal_lib.a(stm32f3_discovery.o)

.debug_str      0x0000000000000000    0x7e17a
 .debug_str     0x0000000000000000    0x79464 src/led_funktionen.o
                                      0x795d9 (size before relaxing)
 .debug_str     0x0000000000079464     0x3747 src/main.o
                                      0x7ce56 (size before relaxing)
 .debug_str     0x000000000007cbab       0x2e src/state_machine.o
                                       0x5a28 (size before relaxing)
 .debug_str     0x000000000007cbd9       0x38 src/stm32f3xx_it.o
                                      0x78405 (size before relaxing)
 .debug_str     0x000000000007cc11       0x7c src/system_stm32f3xx.o
                                      0x78530 (size before relaxing)
 .debug_str     0x000000000007cc8d      0x3b5 /Users/jakubkopec/Dropbox/TGM/5BHIT/SYT/Labor/Weiser/workspace/stm32f3discovery_hal_lib/Debug/libstm32f3discovery_hal_lib.a(stm32f3xx_hal.o)
                                      0x78bc9 (size before relaxing)
 .debug_str     0x000000000007d042      0x224 /Users/jakubkopec/Dropbox/TGM/5BHIT/SYT/Labor/Weiser/workspace/stm32f3discovery_hal_lib/Debug/libstm32f3discovery_hal_lib.a(stm32f3xx_hal_cortex.o)
                                      0x78c36 (size before relaxing)
 .debug_str     0x000000000007d266      0x415 /Users/jakubkopec/Dropbox/TGM/5BHIT/SYT/Labor/Weiser/workspace/stm32f3discovery_hal_lib/Debug/libstm32f3discovery_hal_lib.a(stm32f3xx_hal_gpio.o)
                                      0x78938 (size before relaxing)
 .debug_str     0x000000000007d67b      0xaff /Users/jakubkopec/Dropbox/TGM/5BHIT/SYT/Labor/Weiser/workspace/stm32f3discovery_hal_lib/Debug/libstm32f3discovery_hal_lib.a(stm32f3_discovery.o)
                                      0x7a61e (size before relaxing)

.comment        0x0000000000000000       0x70
 .comment       0x0000000000000000       0x70 src/led_funktionen.o
                                         0x71 (size before relaxing)
 .comment       0x0000000000000000       0x71 src/main.o
 .comment       0x0000000000000000       0x71 src/state_machine.o
 .comment       0x0000000000000000       0x71 src/stm32f3xx_it.o
 .comment       0x0000000000000000       0x71 src/system_stm32f3xx.o
 .comment       0x0000000000000000       0x71 /Users/jakubkopec/Dropbox/TGM/5BHIT/SYT/Labor/Weiser/workspace/stm32f3discovery_hal_lib/Debug/libstm32f3discovery_hal_lib.a(stm32f3xx_hal.o)
 .comment       0x0000000000000000       0x71 /Users/jakubkopec/Dropbox/TGM/5BHIT/SYT/Labor/Weiser/workspace/stm32f3discovery_hal_lib/Debug/libstm32f3discovery_hal_lib.a(stm32f3xx_hal_cortex.o)
 .comment       0x0000000000000000       0x71 /Users/jakubkopec/Dropbox/TGM/5BHIT/SYT/Labor/Weiser/workspace/stm32f3discovery_hal_lib/Debug/libstm32f3discovery_hal_lib.a(stm32f3xx_hal_gpio.o)
 .comment       0x0000000000000000       0x71 /Users/jakubkopec/Dropbox/TGM/5BHIT/SYT/Labor/Weiser/workspace/stm32f3discovery_hal_lib/Debug/libstm32f3discovery_hal_lib.a(stm32f3_discovery.o)

.debug_frame    0x0000000000000000      0xe84
 .debug_frame   0x0000000000000000       0xd4 src/led_funktionen.o
 .debug_frame   0x00000000000000d4       0xe0 src/main.o
 .debug_frame   0x00000000000001b4       0x34 src/state_machine.o
 .debug_frame   0x00000000000001e8       0x2c src/stm32f3xx_it.o
 .debug_frame   0x0000000000000214       0x58 src/system_stm32f3xx.o
 .debug_frame   0x000000000000026c      0x270 /Users/jakubkopec/Dropbox/TGM/5BHIT/SYT/Labor/Weiser/workspace/stm32f3discovery_hal_lib/Debug/libstm32f3discovery_hal_lib.a(stm32f3xx_hal.o)
 .debug_frame   0x00000000000004dc      0x428 /Users/jakubkopec/Dropbox/TGM/5BHIT/SYT/Labor/Weiser/workspace/stm32f3discovery_hal_lib/Debug/libstm32f3discovery_hal_lib.a(stm32f3xx_hal_cortex.o)
 .debug_frame   0x0000000000000904      0x14c /Users/jakubkopec/Dropbox/TGM/5BHIT/SYT/Labor/Weiser/workspace/stm32f3discovery_hal_lib/Debug/libstm32f3discovery_hal_lib.a(stm32f3xx_hal_gpio.o)
 .debug_frame   0x0000000000000a50      0x330 /Users/jakubkopec/Dropbox/TGM/5BHIT/SYT/Labor/Weiser/workspace/stm32f3discovery_hal_lib/Debug/libstm32f3discovery_hal_lib.a(stm32f3_discovery.o)
 .debug_frame   0x0000000000000d80       0x2c /Applications/Eclipse.app/Contents/Eclipse/plugins/fr.ac6.mcu.externaltools.arm-none.linux64_1.3.0.201507241112/tools/compiler/bin/../lib/gcc/arm-none-eabi/4.9.3/../../../../arm-none-eabi/lib/armv7e-m/libc.a(lib_a-init.o)
 .debug_frame   0x0000000000000dac       0x50 /Applications/Eclipse.app/Contents/Eclipse/plugins/fr.ac6.mcu.externaltools.arm-none.linux64_1.3.0.201507241112/tools/compiler/bin/../lib/gcc/arm-none-eabi/4.9.3/../../../../arm-none-eabi/lib/armv7e-m/libc.a(lib_a-__call_atexit.o)
 .debug_frame   0x0000000000000dfc       0x20 /Applications/Eclipse.app/Contents/Eclipse/plugins/fr.ac6.mcu.externaltools.arm-none.linux64_1.3.0.201507241112/tools/compiler/bin/../lib/gcc/arm-none-eabi/4.9.3/../../../../arm-none-eabi/lib/armv7e-m/libc.a(lib_a-atexit.o)
 .debug_frame   0x0000000000000e1c       0x34 /Applications/Eclipse.app/Contents/Eclipse/plugins/fr.ac6.mcu.externaltools.arm-none.linux64_1.3.0.201507241112/tools/compiler/bin/../lib/gcc/arm-none-eabi/4.9.3/../../../../arm-none-eabi/lib/armv7e-m/libc.a(lib_a-fini.o)
 .debug_frame   0x0000000000000e50       0x34 /Applications/Eclipse.app/Contents/Eclipse/plugins/fr.ac6.mcu.externaltools.arm-none.linux64_1.3.0.201507241112/tools/compiler/bin/../lib/gcc/arm-none-eabi/4.9.3/../../../../arm-none-eabi/lib/armv7e-m/libc.a(lib_a-__atexit.o)
